         ns       /mp2_cpu/DRAM/MWRITEL_L   /mp2_cpu/DRAM/MWRITEH_L   /mp2_cpu/theDatapath/DATAOUT   /mp2_cpu/theDatapath/ADDRESS       
          delta                                                                                                                         
          0  +0                         U                         U                           XXXX                           XXXX 
          0  +1                         1                         1                           XXXX                           XXXX 
       8781  +0                         0                         0                           01E0                           00F4 
       9325  +2                         1                         1                           01E0                           00F4 
      14431  +0                         0                         0                           000A                           00F6 
      14975  +2                         1                         1                           000A                           00F6 
      17931  +0                         0                         0                           4537                           00F8 
      18475  +2                         1                         1                           4537                           00F8 
      28081  +0                         0                         0                           A342                           00FA 
      28625  +2                         1                         1                           A342                           00FA 
      29431  +0                         0                         0                           01A1                           00FC 
      29975  +2                         1                         1                           01A1                           00FC 
      30781  +0                         0                         0                           FE62                           00FE 
      31325  +2                         1                         1                           FE62                           00FE 
      32881  +0                         0                         0                           0100                           0102 
      33425  +2                         1                         1                           0100                           0102 
      35631  +0                         0                         0                           FE6F                           0100 
      36175  +2                         1                         1                           FE6F                           0100 
      58831  +0                         0                         0                           001A                           0102 
      59375  +2                         1                         1                           001A                           0102 
      63881  +0                         0                         0                           FF9B                           0104 
      64425  +2                         1                         1                           FF9B                           0104 
      67481  +0                         0                         0                           000D                           0106 
      68025  +2                         1                         1                           000D                           0106 
      74531  +0                         0                         0                           517A                           0108 
      75075  +2                         1                         1                           517A                           0108 
      80931  +0                         0                         0                           010A                           010A 
      81475  +2                         1                         1                           010A                           010A 
      84531  +0                         0                         1                           9000                           010D 
      85075  +2                         1                         1                           9000                           010D 
      85881  +0                         0                         1                           0083                           010C 
      86425  +2                         1                         1                           0083                           010C 
      88631  +0                         0                         0                           0083                           010A 
      89175  +2                         1                         1                           0083                           010A 
      90731  +0                         0                         0                           00F2                           0110 
      91275  +2                         1                         1                           00F2                           0110 
      94081  +0                         0                         0                           0646                           010E 
      94625  +2                         1                         1                           0646                           010E 
      99081  +0                         0                         0                           126C                           00A2 
      99625  +2                         1                         1                           126C                           00A2 
     101181  +0                         0                         0                           000C                           0112 
     101725  +2                         1                         1                           000C                           0112 
     105431  +0                         0                         0                           AE85                           0114 
     105975  +2                         1                         1                           AE85                           0114 
     114781  +0                         0                         0                           600D                           0116 
     115325  +2                         1                         1                           600D                           0116 
     119181  +0                         0                         0                           00D8                           0118 
     119725  +2                         1                         1                           00D8                           0118 
